--------- beginning of system
06-13 16:28:27.156   270  1012 D CompatibilityChangeReporter: Compat change id reported: 161252188; UID 10128; state: DISABLED
06-13 16:28:27.156   270  1012 I ActivityTaskManager: START u0 {flg=0x10000000 cmp=com.kulipai.luacompose/.MainActivity} from uid 2000
06-13 16:28:27.156   270  1012 D CompatibilityChangeReporter: Compat change id reported: 265464455; UID 10128; state: DISABLED
06-13 16:28:27.156   270  1012 D CompatibilityChangeReporter: Compat change id reported: 265452344; UID 10128; state: DISABLED
06-13 16:28:27.156   270  1012 D CompatibilityChangeReporter: Compat change id reported: 266124927; UID 10128; state: DISABLED
06-13 16:28:27.156   270  1012 D CompatibilityChangeReporter: Compat change id reported: 265451093; UID 10128; state: DISABLED
06-13 16:28:27.156   270  1012 D CompatibilityChangeReporter: Compat change id reported: 265456536; UID 10128; state: DISABLED
06-13 16:28:27.156   270  1012 D CompatibilityChangeReporter: Compat change id reported: 255940284; UID 10128; state: DISABLED
06-13 16:28:27.156   270  1012 D CompatibilityChangeReporter: Compat change id reported: 236283604; UID 10128; state: DISABLED
06-13 16:28:27.156   270  1012 D CompatibilityChangeReporter: Compat change id reported: 263959004; UID 10128; state: DISABLED
06-13 16:28:27.156   270  1012 D CompatibilityChangeReporter: Compat change id reported: 264304459; UID 10128; state: DISABLED
06-13 16:28:27.156   270  1012 D CompatibilityChangeReporter: Compat change id reported: 264301586; UID 10128; state: DISABLED
06-13 16:28:27.156   270  1012 D CompatibilityChangeReporter: Compat change id reported: 254631730; UID 10128; state: DISABLED
06-13 16:28:27.156   270  1012 D CompatibilityChangeReporter: Compat change id reported: 273509367; UID 10128; state: DISABLED
06-13 16:28:27.156   270  1012 D CompatibilityChangeReporter: Compat change id reported: 263259275; UID 10128; state: DISABLED
06-13 16:28:27.156   270  1012 D CompatibilityChangeReporter: Compat change id reported: 194480991; UID 10128; state: ENABLED
06-13 16:28:27.157   270  1012 D CompatibilityChangeReporter: Compat change id reported: 174042980; UID 10128; state: DISABLED
--------- beginning of main
06-13 16:28:27.157   270  1012 E CellBroadcastUtils: getDefaultCellBroadcastReceiverPackageName: no package found
06-13 16:28:27.157   270  1012 D CompatibilityChangeReporter: Compat change id reported: 184838306; UID 10128; state: DISABLED
06-13 16:28:27.157   270  1012 D CompatibilityChangeReporter: Compat change id reported: 185004937; UID 10128; state: DISABLED
06-13 16:28:27.157   270  1012 D CompatibilityChangeReporter: Compat change id reported: 181136395; UID 10128; state: DISABLED
06-13 16:28:27.157   270  1012 D CompatibilityChangeReporter: Compat change id reported: 174042936; UID 10128; state: DISABLED
06-13 16:28:27.157   270  1012 D CompatibilityChangeReporter: Compat change id reported: 197654537; UID 10128; state: ENABLED
06-13 16:28:27.158   270  1012 D CompatibilityChangeReporter: Compat change id reported: 205907456; UID 10128; state: ENABLED
06-13 16:28:27.161   551   808 W Parcel  : Expecting binder but got null!
06-13 16:28:27.163   270   333 D CoreBackPreview: Window{b61ce37 u0 com.kulipai.luacompose/SplashScreen}: Setting back callback OnBackInvokedCallbackInfo{mCallback=android.window.IOnBackInvokedCallback$Stub$Proxy@77658c2, mPriority=0}
06-13 16:28:27.163   270   292 D CompatibilityChangeReporter: Compat change id reported: 135634846; UID 10128; state: DISABLED
06-13 16:28:27.163   270   300 D CompatibilityChangeReporter: Compat change id reported: 143937733; UID 10128; state: ENABLED
06-13 16:28:27.164   270   303 W libprocessgroup: Failed to open /dev/stune/top-app/cgroup.procs: No such file or directory
06-13 16:28:27.164   270   303 W libprocessgroup: Failed to open /dev/cpuset/top-app/cgroup.procs: No such file or directory
06-13 16:28:27.164   270   303 W libprocessgroup: Failed to open /dev/blkio//cgroup.procs: No such file or directory
06-13 16:28:27.169    95    95 D Zygote  : Forked child process 3141
06-13 16:28:27.169   551   808 E OpenGLRenderer: Unable to match the desired swap behavior.
06-13 16:28:27.169   270   300 I ActivityManager: Start proc 3141:com.kulipai.luacompose/u0a128 for next-top-activity {com.kulipai.luacompose/com.kulipai.luacompose.MainActivity}
06-13 16:28:27.170   105   219 V [minigbm:gbm_mesa_internals.cpp(382)]: Allocated: 600x1216, stride: 2432, map_stride: 0
06-13 16:28:27.172   105   219 V [minigbm:gbm_mesa_internals.cpp(382)]: Allocated: 600x1216, stride: 2432, map_stride: 0
06-13 16:28:27.173  3141  3141 E libprocessgroup: Failed to make and chown /sys/fs/cgroup/uid_10128: Read-only file system
06-13 16:28:27.173  3141  3141 W Zygote  : createProcessGroup failed, kernel missing CONFIG_CGROUP_CPUACCT?
06-13 16:28:27.173   105   219 V [minigbm:gbm_mesa_internals.cpp(382)]: Allocated: 600x1216, stride: 2432, map_stride: 0
06-13 16:28:27.174  3141  3141 I ipai.luacompose: Late-enabling -Xcheck:jni
06-13 16:28:27.175   105   219 V [minigbm:gbm_mesa_internals.cpp(382)]: Allocated: 600x1216, stride: 2432, map_stride: 0
06-13 16:28:27.189  3141  3141 W ipai.luacompose: Unexpected CPU variant for x86: x86_64.
06-13 16:28:27.189  3141  3141 W ipai.luacompose: Known variants: atom, sandybridge, silvermont, kabylake, default
06-13 16:28:27.190   132   178 I adbd    : jdwp connection from 3141
06-13 16:28:27.194  3141  3141 D CompatibilityChangeReporter: Compat change id reported: 171979766; UID 10128; state: ENABLED
06-13 16:28:27.201  3141  3141 W ziparchive: Unable to open '/data/app/~~WgmHbn8dJ9xajT0EI6Qlcw==/com.kulipai.luacompose-lWN2hV_K5DIEB3agAfRyig==/base.dm': No such file or directory
06-13 16:28:27.201  3141  3141 W ziparchive: Unable to open '/data/app/~~WgmHbn8dJ9xajT0EI6Qlcw==/com.kulipai.luacompose-lWN2hV_K5DIEB3agAfRyig==/base.dm': No such file or directory
06-13 16:28:27.357  3141  3141 V GraphicsEnvironment: ANGLE Developer option for 'com.kulipai.luacompose' set to: 'default'
06-13 16:28:27.357  3141  3141 V GraphicsEnvironment: ANGLE GameManagerService for com.kulipai.luacompose: false
06-13 16:28:27.357  3141  3141 V GraphicsEnvironment: Neither updatable production driver nor prerelease driver is supported.
06-13 16:28:27.358  3141  3141 D NetworkSecurityConfig: No Network Security Config specified, using platform default
06-13 16:28:27.358  3141  3141 D NetworkSecurityConfig: No Network Security Config specified, using platform default
06-13 16:28:27.395  3141  3141 I android_os_HwBinder: HwBinder: Starting hwbinderthread pool for getting: vendor.waydroid.window@1.1::IWaydroidWindow/default
06-13 16:28:27.408  3141  3141 D CompatibilityChangeReporter: Compat change id reported: 237531167; UID 10128; state: DISABLED
06-13 16:28:27.409  3141  3158 W Parcel  : Expecting binder but got null!
06-13 16:28:27.410   270   333 D CoreBackPreview: Window{305077d u0 com.kulipai.luacompose/com.kulipai.luacompose.MainActivity}: Setting back callback OnBackInvokedCallbackInfo{mCallback=android.window.IOnBackInvokedCallback$Stub$Proxy@e875ac3, mPriority=0}
06-13 16:28:27.480  3141  3141 W ipai.luacompose: Accessing hidden method Landroid/os/SystemProperties;->addChangeCallback(Ljava/lang/Runnable;)V (unsupported, reflection, allowed)
06-13 16:28:27.480  3141  3141 D CompatibilityChangeReporter: Compat change id reported: 193247900; UID 10128; state: ENABLED
06-13 16:28:27.555  3141  3158 I MESA    : Using gralloc0 CrOS API
06-13 16:28:27.555  3141  3158 W EGL-MAIN: failed to get driver name for fd -1
06-13 16:28:27.555  3141  3158 W EGL-MAIN: MESA-LOADER: failed to retrieve device information
06-13 16:28:27.555  3141  3158 W EGL-MAIN: failed to get driver name for fd -1
06-13 16:28:27.559  3141  3158 E OpenGLRenderer: Device claims wide gamut support, cannot find matching config, error = EGL_SUCCESS
06-13 16:28:27.559  3141  3158 W OpenGLRenderer: Failed to initialize 101010-2 format, error = EGL_SUCCESS
06-13 16:28:27.563   115  1368 E HWComposer: getSupportedContentTypes: getSupportedContentTypes failed for display 0: Unsupported (8)
06-13 16:28:27.563  3141  3158 E OpenGLRenderer: Unable to match the desired swap behavior.
06-13 16:28:27.564    35    35 I servicemanager: Could not find android.hardware.graphics.allocator.IAllocator/default in the VINTF manifest.
06-13 16:28:27.564   105   219 V [minigbm:gbm_mesa_internals.cpp(382)]: Allocated: 600x1216, stride: 2432, map_stride: 0
06-13 16:28:27.565   105   219 V [minigbm:gbm_mesa_internals.cpp(382)]: Allocated: 600x1216, stride: 2432, map_stride: 0
06-13 16:28:27.566   105   219 V [minigbm:gbm_mesa_internals.cpp(382)]: Allocated: 600x1216, stride: 2432, map_stride: 0
06-13 16:28:27.568   105   219 V [minigbm:gbm_mesa_internals.cpp(382)]: Allocated: 600x1216, stride: 2432, map_stride: 0
06-13 16:28:27.581   115   188 W TransactionTracing: Could not find layer id -1
06-13 16:28:27.581   115   188 W TransactionTracing: Could not find layer id -1
06-13 16:28:27.581   115   188 W TransactionTracing: Could not find layer id -1
06-13 16:28:27.581   115   188 W TransactionTracing: Could not find layer id -1
06-13 16:28:27.581   115   188 W TransactionTracing: Could not find layer id -1
06-13 16:28:27.605   270   289 W ziparchive: Unable to open '/data/app/~~WgmHbn8dJ9xajT0EI6Qlcw==/com.kulipai.luacompose-lWN2hV_K5DIEB3agAfRyig==/base.dm': No such file or directory
06-13 16:28:27.605   270   289 I ActivityTaskManager: Displayed com.kulipai.luacompose/.MainActivity: +448ms
06-13 16:28:27.606   115   188 W TransactionTracing: Could not find layer id -1
06-13 16:28:27.613  3141  3141 W ipai.luacompose: Method java.lang.String org.luaj.lib.OsLib.e() failed lock verification and will run slower.
06-13 16:28:27.613  3141  3141 W ipai.luacompose: Common causes for lock verification issues are non-optimized dex code
06-13 16:28:27.613  3141  3141 W ipai.luacompose: and incorrect proguard optimizations.
06-13 16:28:27.625  3141  3141 D LUA_ANIM: javaToScript for clazz: androidx.compose.foundation.shape.RoundedCornerShape
06-13 16:28:27.625  3141  3141 D LUA_ANIM: javaToScript for clazz: androidx.compose.foundation.layout.Arrangement$Top$1
06-13 16:28:27.625  3141  3141 D LUA_ANIM: javaToScript for clazz: androidx.compose.foundation.layout.Arrangement$Center$1
06-13 16:28:27.625  3141  3141 D LUA_ANIM: javaToScript for clazz: androidx.compose.foundation.layout.Arrangement$Start$1
06-13 16:28:27.625  3141  3141 D LUA_ANIM: javaToScript for clazz: androidx.compose.foundation.layout.Arrangement$End$1
06-13 16:28:27.625  3141  3141 D LUA_ANIM: javaToScript for clazz: androidx.compose.foundation.layout.Arrangement$Bottom$1
06-13 16:28:27.625  3141  3141 D LUA_ANIM: javaToScript for clazz: androidx.compose.foundation.layout.Arrangement$SpaceAround$1
06-13 16:28:27.625  3141  3141 D LUA_ANIM: javaToScript for clazz: androidx.compose.foundation.layout.Arrangement$SpaceBetween$1
06-13 16:28:27.625  3141  3141 D LUA_ANIM: javaToScript for clazz: androidx.compose.foundation.layout.Arrangement$SpaceEvenly$1
06-13 16:28:27.626  3141  3141 D LUA_ANIM: javaToScript for clazz: androidx.compose.ui.BiasAlignment
06-13 16:28:27.626  3141  3141 D LUA_ANIM: javaToScript for clazz: androidx.compose.ui.BiasAlignment
06-13 16:28:27.626  3141  3141 D LUA_ANIM: javaToScript for clazz: androidx.compose.ui.BiasAlignment
06-13 16:28:27.626  3141  3141 D LUA_ANIM: javaToScript for clazz: androidx.compose.ui.BiasAlignment
06-13 16:28:27.626  3141  3141 D LUA_ANIM: javaToScript for clazz: androidx.compose.ui.BiasAlignment
06-13 16:28:27.626  3141  3141 D LUA_ANIM: javaToScript for clazz: androidx.compose.ui.BiasAlignment
06-13 16:28:27.626  3141  3141 D LUA_ANIM: javaToScript for clazz: androidx.compose.ui.BiasAlignment
06-13 16:28:27.626  3141  3141 D LUA_ANIM: javaToScript for clazz: androidx.compose.ui.BiasAlignment
06-13 16:28:27.626  3141  3141 D LUA_ANIM: javaToScript for clazz: androidx.compose.ui.BiasAlignment
06-13 16:28:27.626  3141  3141 D LUA_ANIM: javaToScript for clazz: androidx.compose.ui.BiasAlignment$Vertical
06-13 16:28:27.626  3141  3141 D LUA_ANIM: javaToScript for clazz: androidx.compose.ui.BiasAlignment$Vertical
06-13 16:28:27.626  3141  3141 D LUA_ANIM: javaToScript for clazz: androidx.compose.ui.BiasAlignment$Vertical
06-13 16:28:27.626  3141  3141 D LUA_ANIM: javaToScript for clazz: androidx.compose.ui.BiasAlignment$Horizontal
06-13 16:28:27.626  3141  3141 D LUA_ANIM: javaToScript for clazz: androidx.compose.ui.BiasAlignment$Horizontal
06-13 16:28:27.626  3141  3141 D LUA_ANIM: javaToScript for clazz: androidx.compose.ui.BiasAlignment$Horizontal
06-13 16:28:27.626  3141  3141 D LUA_ANIM: javaToScript for clazz: androidx.compose.ui.text.font.FontWeight
06-13 16:28:27.626  3141  3141 D LUA_ANIM: javaToScript for clazz: androidx.compose.ui.text.font.FontWeight
06-13 16:28:27.626  3141  3141 D LUA_ANIM: javaToScript for clazz: androidx.compose.ui.text.font.FontWeight
06-13 16:28:27.626  3141  3141 D LUA_ANIM: javaToScript for clazz: androidx.compose.ui.text.font.FontWeight
06-13 16:28:27.626  3141  3141 D LUA_ANIM: javaToScript for clazz: androidx.compose.ui.text.font.FontWeight
06-13 16:28:27.626  3141  3141 D LUA_ANIM: javaToScript for clazz: androidx.compose.ui.text.font.FontWeight
06-13 16:28:27.626  3141  3141 D LUA_ANIM: javaToScript for clazz: androidx.compose.ui.text.font.FontWeight
06-13 16:28:27.626  3141  3141 D LUA_ANIM: javaToScript for clazz: androidx.compose.ui.text.font.FontWeight
06-13 16:28:27.626  3141  3141 D LUA_ANIM: javaToScript for clazz: androidx.compose.ui.text.font.FontWeight
06-13 16:28:27.626  3141  3141 D LUA_ANIM: javaToScript for clazz: androidx.compose.ui.text.font.FontWeight
06-13 16:28:27.626  3141  3141 D LUA_ANIM: javaToScript for clazz: androidx.compose.ui.text.font.FontWeight
06-13 16:28:27.626  3141  3141 D LUA_ANIM: javaToScript for clazz: androidx.compose.ui.text.font.FontWeight
06-13 16:28:27.626  3141  3141 D LUA_ANIM: javaToScript for clazz: androidx.compose.ui.text.font.FontWeight
06-13 16:28:27.626  3141  3141 D LUA_ANIM: javaToScript for clazz: androidx.compose.ui.text.font.FontWeight
06-13 16:28:27.626  3141  3141 D LUA_ANIM: javaToScript for clazz: androidx.compose.ui.text.font.FontWeight
06-13 16:28:27.626  3141  3141 D LUA_ANIM: javaToScript for clazz: androidx.compose.ui.text.font.FontWeight
06-13 16:28:27.626  3141  3141 D LUA_ANIM: javaToScript for clazz: androidx.compose.ui.text.font.FontWeight
06-13 16:28:27.626  3141  3141 D LUA_ANIM: javaToScript for clazz: androidx.compose.ui.text.font.FontWeight
06-13 16:28:27.626  3141  3141 D LUA_ANIM: javaToScript for clazz: androidx.compose.ui.graphics.Color
06-13 16:28:27.626  3141  3141 D LUA_ANIM: javaToScript MATCHED CONVERTER for clazz: androidx.compose.ui.graphics.Color
06-13 16:28:27.626  3141  3141 D LUA_ANIM: javaToScript for clazz: androidx.compose.ui.graphics.Color
06-13 16:28:27.626  3141  3141 D LUA_ANIM: javaToScript MATCHED CONVERTER for clazz: androidx.compose.ui.graphics.Color
06-13 16:28:27.626  3141  3141 D LUA_ANIM: javaToScript for clazz: androidx.compose.ui.graphics.Color
06-13 16:28:27.626  3141  3141 D LUA_ANIM: javaToScript MATCHED CONVERTER for clazz: androidx.compose.ui.graphics.Color
06-13 16:28:27.626  3141  3141 D LUA_ANIM: javaToScript for clazz: androidx.compose.ui.graphics.Color
06-13 16:28:27.626  3141  3141 D LUA_ANIM: javaToScript MATCHED CONVERTER for clazz: androidx.compose.ui.graphics.Color
06-13 16:28:27.626  3141  3141 D LUA_ANIM: javaToScript for clazz: androidx.compose.ui.graphics.Color
06-13 16:28:27.626  3141  3141 D LUA_ANIM: javaToScript MATCHED CONVERTER for clazz: androidx.compose.ui.graphics.Color
06-13 16:28:27.626  3141  3141 D LUA_ANIM: javaToScript for clazz: androidx.compose.ui.graphics.Color
06-13 16:28:27.626  3141  3141 D LUA_ANIM: javaToScript MATCHED CONVERTER for clazz: androidx.compose.ui.graphics.Color
06-13 16:28:27.626  3141  3141 D LUA_ANIM: javaToScript for clazz: androidx.compose.ui.graphics.Color
06-13 16:28:27.626  3141  3141 D LUA_ANIM: javaToScript MATCHED CONVERTER for clazz: androidx.compose.ui.graphics.Color
06-13 16:28:27.626  3141  3141 D LUA_ANIM: javaToScript for clazz: androidx.compose.ui.graphics.Color
06-13 16:28:27.626  3141  3141 D LUA_ANIM: javaToScript MATCHED CONVERTER for clazz: androidx.compose.ui.graphics.Color
06-13 16:28:27.626  3141  3141 D LUA_ANIM: javaToScript for clazz: androidx.compose.ui.graphics.Color
06-13 16:28:27.626  3141  3141 D LUA_ANIM: javaToScript MATCHED CONVERTER for clazz: androidx.compose.ui.graphics.Color
06-13 16:28:27.626  3141  3141 D LUA_ANIM: javaToScript for clazz: androidx.compose.ui.graphics.Color
06-13 16:28:27.626  3141  3141 D LUA_ANIM: javaToScript MATCHED CONVERTER for clazz: androidx.compose.ui.graphics.Color
06-13 16:28:27.626  3141  3141 D LUA_ANIM: javaToScript for clazz: androidx.compose.ui.graphics.Color
06-13 16:28:27.626  3141  3141 D LUA_ANIM: javaToScript MATCHED CONVERTER for clazz: androidx.compose.ui.graphics.Color
06-13 16:28:27.626  3141  3141 D LUA_ANIM: javaToScript for clazz: androidx.compose.ui.graphics.Color
06-13 16:28:27.626  3141  3141 D LUA_ANIM: javaToScript MATCHED CONVERTER for clazz: androidx.compose.ui.graphics.Color
06-13 16:28:27.626  3141  3141 D LUA_ANIM: javaToScript for clazz: androidx.compose.ui.graphics.Color
06-13 16:28:27.626  3141  3141 D LUA_ANIM: javaToScript MATCHED CONVERTER for clazz: androidx.compose.ui.graphics.Color
06-13 16:28:27.627  3141  3141 D LUA_ANIM: javaToScript for clazz: androidx.compose.animation.core.RepeatMode
06-13 16:28:27.627  3141  3141 D LUA_ANIM: javaToScript for clazz: androidx.compose.animation.core.RepeatMode
06-13 16:28:27.639  3141  3141 D LUA_ANIM: javaToScript for clazz: com.kulipai.luacompose.compose.ui.LuaModifier
06-13 16:28:27.639  3141  3141 D LUA_ANIM: javaToScript for clazz: androidx.compose.ui.unit.Dp
06-13 16:28:27.639  3141  3141 D LUA_ANIM: javaToScript MATCHED CONVERTER for clazz: androidx.compose.ui.unit.Dp
06-13 16:28:27.640  3141  3141 D LUA_ANIM: javaToScript for clazz: com.kulipai.luacompose.compose.ui.LuaModifier
06-13 16:28:27.640  3141  3141 D LUA_ANIM: javaToScript for clazz: androidx.compose.ui.unit.Dp
06-13 16:28:27.640  3141  3141 D LUA_ANIM: javaToScript MATCHED CONVERTER for clazz: androidx.compose.ui.unit.Dp
06-13 16:28:27.640  3141  3141 D LUA_ANIM: javaToScript for clazz: androidx.compose.ui.graphics.Color
06-13 16:28:27.640  3141  3141 D LUA_ANIM: javaToScript MATCHED CONVERTER for clazz: androidx.compose.ui.graphics.Color
06-13 16:28:27.644   270   333 D CompatibilityChangeReporter: Compat change id reported: 214016041; UID 10128; state: ENABLED
06-13 16:28:27.656   115   188 W TransactionTracing: Could not find layer handle 0x7fd186433b30
06-13 16:28:27.915   115   188 W TransactionTracing: Could not find layer id -1
06-13 16:28:27.961   270   333 D CoreBackPreview: Window{b61ce37 u0 com.kulipai.luacompose/SplashScreen EXITING}: Setting back callback null
06-13 16:28:27.961   270  1012 W InputManager-JNI: Input channel object 'b61ce37 com.kulipai.luacompose/SplashScreen (client)' was disposed without first being removed with the input manager!
06-13 16:28:32.205   270   313 V DisplayPowerController[0]: Brightness [0.54959077] reason changing to: 'manual', previous reason: 'manual [ dim ]'.
06-13 16:28:32.205   270   313 I DisplayPowerController[0]: BrightnessEvent: disp=0, physDisp=local:0, brt=0.54959077, initBrt=0.05, rcmdBrt=NaN, preBrt=NaN, lux=0.0, preLux=0.0, hbmMax=1.0, hbmMode=off, rbcStrength=50, powerFactor=1.0, thrmMax=1.0, wasShortTermModelActive=false, flags=, reason=manual, autoBrightness=false
06-13 16:28:32.924   270   313 I DisplayPowerController[0]: BrightnessEvent: disp=0, physDisp=local:0, brt=0.54959077, initBrt=0.54959077, rcmdBrt=NaN, preBrt=NaN, lux=0.0, preLux=0.0, hbmMax=1.0, hbmMode=off, rbcStrength=50, powerFactor=1.0, thrmMax=1.0, wasShortTermModelActive=false, flags=, reason=manual, autoBrightness=false
06-13 16:28:33.190  3141  3180 D ProfileInstaller: Installing profile for com.kulipai.luacompose
06-13 16:29:25.735   270   313 V DisplayPowerController[0]: Brightness [0.05] reason changing to: 'manual [ dim ]', previous reason: 'manual'.
06-13 16:29:25.735   270   313 I DisplayPowerController[0]: BrightnessEvent: disp=0, physDisp=local:0, brt=0.05, initBrt=0.54959077, rcmdBrt=NaN, preBrt=NaN, lux=0.0, preLux=0.0, hbmMax=1.0, hbmMode=off, rbcStrength=50, powerFactor=1.0, thrmMax=1.0, wasShortTermModelActive=false, flags=, reason=manual [ dim ], autoBrightness=false
06-13 16:29:26.449   270   313 I DisplayPowerController[0]: BrightnessEvent: disp=0, physDisp=local:0, brt=0.05, initBrt=0.05, rcmdBrt=NaN, preBrt=NaN, lux=0.0, preLux=0.0, hbmMax=1.0, hbmMode=off, rbcStrength=50, powerFactor=1.0, thrmMax=1.0, wasShortTermModelActive=false, flags=, reason=manual [ dim ], autoBrightness=false
