--------- beginning of system
06-13 16:45:48.845   270  1012 D CompatibilityChangeReporter: Compat change id reported: 161252188; UID 10128; state: DISABLED
06-13 16:45:48.846   270  1012 I ActivityTaskManager: START u0 {flg=0x10000000 cmp=com.kulipai.luacompose/.MainActivity} from uid 2000
06-13 16:45:48.846   270  1012 D CompatibilityChangeReporter: Compat change id reported: 265464455; UID 10128; state: DISABLED
06-13 16:45:48.846   270  1012 D CompatibilityChangeReporter: Compat change id reported: 265452344; UID 10128; state: DISABLED
06-13 16:45:48.846   270  1012 D CompatibilityChangeReporter: Compat change id reported: 266124927; UID 10128; state: DISABLED
06-13 16:45:48.846   270  1012 D CompatibilityChangeReporter: Compat change id reported: 265451093; UID 10128; state: DISABLED
06-13 16:45:48.846   270  1012 D CompatibilityChangeReporter: Compat change id reported: 265456536; UID 10128; state: DISABLED
06-13 16:45:48.846   270  1012 D CompatibilityChangeReporter: Compat change id reported: 255940284; UID 10128; state: DISABLED
06-13 16:45:48.846   270  1012 D CompatibilityChangeReporter: Compat change id reported: 236283604; UID 10128; state: DISABLED
06-13 16:45:48.846   270  1012 D CompatibilityChangeReporter: Compat change id reported: 263959004; UID 10128; state: DISABLED
06-13 16:45:48.846   270  1012 D CompatibilityChangeReporter: Compat change id reported: 264304459; UID 10128; state: DISABLED
06-13 16:45:48.846   270  1012 D CompatibilityChangeReporter: Compat change id reported: 264301586; UID 10128; state: DISABLED
06-13 16:45:48.846   270  1012 D CompatibilityChangeReporter: Compat change id reported: 254631730; UID 10128; state: DISABLED
06-13 16:45:48.846   270  1012 D CompatibilityChangeReporter: Compat change id reported: 273509367; UID 10128; state: DISABLED
06-13 16:45:48.846   270  1012 D CompatibilityChangeReporter: Compat change id reported: 263259275; UID 10128; state: DISABLED
06-13 16:45:48.847   270  1012 D CompatibilityChangeReporter: Compat change id reported: 194480991; UID 10128; state: ENABLED
06-13 16:45:48.847   270  1012 D CompatibilityChangeReporter: Compat change id reported: 174042980; UID 10128; state: DISABLED
--------- beginning of main
06-13 16:45:48.847   270  1012 E CellBroadcastUtils: getDefaultCellBroadcastReceiverPackageName: no package found
06-13 16:45:48.848   270  1012 D CompatibilityChangeReporter: Compat change id reported: 184838306; UID 10128; state: DISABLED
06-13 16:45:48.848   270  1012 D CompatibilityChangeReporter: Compat change id reported: 185004937; UID 10128; state: DISABLED
06-13 16:45:48.848   270  1012 D CompatibilityChangeReporter: Compat change id reported: 181136395; UID 10128; state: DISABLED
06-13 16:45:48.848   270  1012 D CompatibilityChangeReporter: Compat change id reported: 174042936; UID 10128; state: DISABLED
06-13 16:45:48.848   270  1012 D CompatibilityChangeReporter: Compat change id reported: 197654537; UID 10128; state: ENABLED
06-13 16:45:48.849   270  1012 D CompatibilityChangeReporter: Compat change id reported: 205907456; UID 10128; state: ENABLED
06-13 16:45:48.852   270   292 D CompatibilityChangeReporter: Compat change id reported: 135634846; UID 10128; state: DISABLED
06-13 16:45:48.852   270   300 D CompatibilityChangeReporter: Compat change id reported: 143937733; UID 10128; state: ENABLED
06-13 16:45:48.852   270   303 W libprocessgroup: Failed to open /dev/stune/top-app/cgroup.procs: No such file or directory
06-13 16:45:48.852   270   303 W libprocessgroup: Failed to open /dev/cpuset/top-app/cgroup.procs: No such file or directory
06-13 16:45:48.852   270   303 W libprocessgroup: Failed to open /dev/blkio//cgroup.procs: No such file or directory
06-13 16:45:48.852   551   808 W Parcel  : Expecting binder but got null!
06-13 16:45:48.855   270   962 D CoreBackPreview: Window{701983 u0 com.kulipai.luacompose/SplashScreen}: Setting back callback OnBackInvokedCallbackInfo{mCallback=android.window.IOnBackInvokedCallback$Stub$Proxy@c155b39, mPriority=0}
06-13 16:45:48.857    95    95 D Zygote  : Forked child process 3967
06-13 16:45:48.858   270   300 I ActivityManager: Start proc 3967:com.kulipai.luacompose/u0a128 for next-top-activity {com.kulipai.luacompose/com.kulipai.luacompose.MainActivity}
06-13 16:45:48.859   551   808 E OpenGLRenderer: Unable to match the desired swap behavior.
06-13 16:45:48.861  3967  3967 E libprocessgroup: Failed to make and chown /sys/fs/cgroup/uid_10128: Read-only file system
06-13 16:45:48.861  3967  3967 W Zygote  : createProcessGroup failed, kernel missing CONFIG_CGROUP_CPUACCT?
06-13 16:45:48.861   105   219 V [minigbm:gbm_mesa_internals.cpp(382)]: Allocated: 600x1216, stride: 2432, map_stride: 0
06-13 16:45:48.862  3967  3967 I ipai.luacompose: Late-enabling -Xcheck:jni
06-13 16:45:48.863   105   219 V [minigbm:gbm_mesa_internals.cpp(382)]: Allocated: 600x1216, stride: 2432, map_stride: 0
06-13 16:45:48.864   105   219 V [minigbm:gbm_mesa_internals.cpp(382)]: Allocated: 600x1216, stride: 2432, map_stride: 0
06-13 16:45:48.866   105   219 V [minigbm:gbm_mesa_internals.cpp(382)]: Allocated: 600x1216, stride: 2432, map_stride: 0
06-13 16:45:48.877  3967  3967 W ipai.luacompose: Unexpected CPU variant for x86: x86_64.
06-13 16:45:48.877  3967  3967 W ipai.luacompose: Known variants: atom, sandybridge, silvermont, kabylake, default
06-13 16:45:48.879   132   178 I adbd    : jdwp connection from 3967
06-13 16:45:48.886  3967  3967 D CompatibilityChangeReporter: Compat change id reported: 171979766; UID 10128; state: ENABLED
06-13 16:45:48.899  3967  3967 W ziparchive: Unable to open '/data/app/~~39Yycm9OUKY3mRLk0gM8Fg==/com.kulipai.luacompose-HU3xJ7mN36qylkMELIQh1A==/base.dm': No such file or directory
06-13 16:45:48.899  3967  3967 W ziparchive: Unable to open '/data/app/~~39Yycm9OUKY3mRLk0gM8Fg==/com.kulipai.luacompose-HU3xJ7mN36qylkMELIQh1A==/base.dm': No such file or directory
06-13 16:45:49.053  3967  3967 V GraphicsEnvironment: ANGLE Developer option for 'com.kulipai.luacompose' set to: 'default'
06-13 16:45:49.054  3967  3967 V GraphicsEnvironment: ANGLE GameManagerService for com.kulipai.luacompose: false
06-13 16:45:49.054  3967  3967 V GraphicsEnvironment: Neither updatable production driver nor prerelease driver is supported.
06-13 16:45:49.054  3967  3967 D NetworkSecurityConfig: No Network Security Config specified, using platform default
06-13 16:45:49.055  3967  3967 D NetworkSecurityConfig: No Network Security Config specified, using platform default
06-13 16:45:49.085  3967  3967 I android_os_HwBinder: HwBinder: Starting hwbinderthread pool for getting: vendor.waydroid.window@1.1::IWaydroidWindow/default
06-13 16:45:49.103  3967  3967 D CompatibilityChangeReporter: Compat change id reported: 237531167; UID 10128; state: DISABLED
06-13 16:45:49.106  3967  3984 W Parcel  : Expecting binder but got null!
06-13 16:45:49.107   270  2124 D CoreBackPreview: Window{ada6973 u0 com.kulipai.luacompose/com.kulipai.luacompose.MainActivity}: Setting back callback OnBackInvokedCallbackInfo{mCallback=android.window.IOnBackInvokedCallback$Stub$Proxy@ba684a9, mPriority=0}
06-13 16:45:49.185  3967  3967 W ipai.luacompose: Accessing hidden method Landroid/os/SystemProperties;->addChangeCallback(Ljava/lang/Runnable;)V (unsupported, reflection, allowed)
06-13 16:45:49.186  3967  3967 D CompatibilityChangeReporter: Compat change id reported: 193247900; UID 10128; state: ENABLED
06-13 16:45:49.274  3967  3984 I MESA    : Using gralloc0 CrOS API
06-13 16:45:49.274  3967  3984 W EGL-MAIN: failed to get driver name for fd -1
06-13 16:45:49.274  3967  3984 W EGL-MAIN: MESA-LOADER: failed to retrieve device information
06-13 16:45:49.274  3967  3984 W EGL-MAIN: failed to get driver name for fd -1
06-13 16:45:49.279  3967  3984 E OpenGLRenderer: Device claims wide gamut support, cannot find matching config, error = EGL_SUCCESS
06-13 16:45:49.279  3967  3984 W OpenGLRenderer: Failed to initialize 101010-2 format, error = EGL_SUCCESS
06-13 16:45:49.282   115  1018 E HWComposer: getSupportedContentTypes: getSupportedContentTypes failed for display 0: Unsupported (8)
06-13 16:45:49.282  3967  3984 E OpenGLRenderer: Unable to match the desired swap behavior.
06-13 16:45:49.283    35    35 I servicemanager: Could not find android.hardware.graphics.allocator.IAllocator/default in the VINTF manifest.
06-13 16:45:49.284   105   219 V [minigbm:gbm_mesa_internals.cpp(382)]: Allocated: 600x1216, stride: 2432, map_stride: 0
06-13 16:45:49.285   105   219 V [minigbm:gbm_mesa_internals.cpp(382)]: Allocated: 600x1216, stride: 2432, map_stride: 0
06-13 16:45:49.286   105   219 V [minigbm:gbm_mesa_internals.cpp(382)]: Allocated: 600x1216, stride: 2432, map_stride: 0
06-13 16:45:49.287   105   219 V [minigbm:gbm_mesa_internals.cpp(382)]: Allocated: 600x1216, stride: 2432, map_stride: 0
06-13 16:45:49.325   270   289 W ziparchive: Unable to open '/data/app/~~39Yycm9OUKY3mRLk0gM8Fg==/com.kulipai.luacompose-HU3xJ7mN36qylkMELIQh1A==/base.dm': No such file or directory
06-13 16:45:49.325   270   289 I ActivityTaskManager: Displayed com.kulipai.luacompose/.MainActivity: +479ms
06-13 16:45:49.334  3967  3967 W ipai.luacompose: Method java.lang.String org.luaj.lib.OsLib.e() failed lock verification and will run slower.
06-13 16:45:49.334  3967  3967 W ipai.luacompose: Common causes for lock verification issues are non-optimized dex code
06-13 16:45:49.334  3967  3967 W ipai.luacompose: and incorrect proguard optimizations.
06-13 16:45:49.345  3967  3967 D LUA_ANIM: javaToScript for clazz: androidx.compose.foundation.shape.RoundedCornerShape
06-13 16:45:49.345  3967  3967 D LUA_ANIM: javaToScript for clazz: androidx.compose.foundation.layout.Arrangement$Top$1
06-13 16:45:49.345  3967  3967 D LUA_ANIM: javaToScript for clazz: androidx.compose.foundation.layout.Arrangement$Center$1
06-13 16:45:49.345  3967  3967 D LUA_ANIM: javaToScript for clazz: androidx.compose.foundation.layout.Arrangement$Start$1
06-13 16:45:49.345  3967  3967 D LUA_ANIM: javaToScript for clazz: androidx.compose.foundation.layout.Arrangement$End$1
06-13 16:45:49.345  3967  3967 D LUA_ANIM: javaToScript for clazz: androidx.compose.foundation.layout.Arrangement$Bottom$1
06-13 16:45:49.345  3967  3967 D LUA_ANIM: javaToScript for clazz: androidx.compose.foundation.layout.Arrangement$SpaceAround$1
06-13 16:45:49.345  3967  3967 D LUA_ANIM: javaToScript for clazz: androidx.compose.foundation.layout.Arrangement$SpaceBetween$1
06-13 16:45:49.345  3967  3967 D LUA_ANIM: javaToScript for clazz: androidx.compose.foundation.layout.Arrangement$SpaceEvenly$1
06-13 16:45:49.345  3967  3967 D LUA_ANIM: javaToScript for clazz: androidx.compose.ui.BiasAlignment
06-13 16:45:49.345  3967  3967 D LUA_ANIM: javaToScript for clazz: androidx.compose.ui.BiasAlignment
06-13 16:45:49.345  3967  3967 D LUA_ANIM: javaToScript for clazz: androidx.compose.ui.BiasAlignment
06-13 16:45:49.345  3967  3967 D LUA_ANIM: javaToScript for clazz: androidx.compose.ui.BiasAlignment
06-13 16:45:49.345  3967  3967 D LUA_ANIM: javaToScript for clazz: androidx.compose.ui.BiasAlignment
06-13 16:45:49.345  3967  3967 D LUA_ANIM: javaToScript for clazz: androidx.compose.ui.BiasAlignment
06-13 16:45:49.345  3967  3967 D LUA_ANIM: javaToScript for clazz: androidx.compose.ui.BiasAlignment
06-13 16:45:49.345  3967  3967 D LUA_ANIM: javaToScript for clazz: androidx.compose.ui.BiasAlignment
06-13 16:45:49.345  3967  3967 D LUA_ANIM: javaToScript for clazz: androidx.compose.ui.BiasAlignment
06-13 16:45:49.345  3967  3967 D LUA_ANIM: javaToScript for clazz: androidx.compose.ui.BiasAlignment$Vertical
06-13 16:45:49.345  3967  3967 D LUA_ANIM: javaToScript for clazz: androidx.compose.ui.BiasAlignment$Vertical
06-13 16:45:49.345  3967  3967 D LUA_ANIM: javaToScript for clazz: androidx.compose.ui.BiasAlignment$Vertical
06-13 16:45:49.345  3967  3967 D LUA_ANIM: javaToScript for clazz: androidx.compose.ui.BiasAlignment$Horizontal
06-13 16:45:49.345  3967  3967 D LUA_ANIM: javaToScript for clazz: androidx.compose.ui.BiasAlignment$Horizontal
06-13 16:45:49.345  3967  3967 D LUA_ANIM: javaToScript for clazz: androidx.compose.ui.BiasAlignment$Horizontal
06-13 16:45:49.345  3967  3967 D LUA_ANIM: javaToScript for clazz: androidx.compose.ui.text.font.FontWeight
06-13 16:45:49.345  3967  3967 D LUA_ANIM: javaToScript for clazz: androidx.compose.ui.text.font.FontWeight
06-13 16:45:49.345  3967  3967 D LUA_ANIM: javaToScript for clazz: androidx.compose.ui.text.font.FontWeight
06-13 16:45:49.345  3967  3967 D LUA_ANIM: javaToScript for clazz: androidx.compose.ui.text.font.FontWeight
06-13 16:45:49.345  3967  3967 D LUA_ANIM: javaToScript for clazz: androidx.compose.ui.text.font.FontWeight
06-13 16:45:49.345  3967  3967 D LUA_ANIM: javaToScript for clazz: androidx.compose.ui.text.font.FontWeight
06-13 16:45:49.345  3967  3967 D LUA_ANIM: javaToScript for clazz: androidx.compose.ui.text.font.FontWeight
06-13 16:45:49.345  3967  3967 D LUA_ANIM: javaToScript for clazz: androidx.compose.ui.text.font.FontWeight
06-13 16:45:49.345  3967  3967 D LUA_ANIM: javaToScript for clazz: androidx.compose.ui.text.font.FontWeight
06-13 16:45:49.345  3967  3967 D LUA_ANIM: javaToScript for clazz: androidx.compose.ui.text.font.FontWeight
06-13 16:45:49.345  3967  3967 D LUA_ANIM: javaToScript for clazz: androidx.compose.ui.text.font.FontWeight
06-13 16:45:49.345  3967  3967 D LUA_ANIM: javaToScript for clazz: androidx.compose.ui.text.font.FontWeight
06-13 16:45:49.345  3967  3967 D LUA_ANIM: javaToScript for clazz: androidx.compose.ui.text.font.FontWeight
06-13 16:45:49.345  3967  3967 D LUA_ANIM: javaToScript for clazz: androidx.compose.ui.text.font.FontWeight
06-13 16:45:49.345  3967  3967 D LUA_ANIM: javaToScript for clazz: androidx.compose.ui.text.font.FontWeight
06-13 16:45:49.345  3967  3967 D LUA_ANIM: javaToScript for clazz: androidx.compose.ui.text.font.FontWeight
06-13 16:45:49.345  3967  3967 D LUA_ANIM: javaToScript for clazz: androidx.compose.ui.text.font.FontWeight
06-13 16:45:49.345  3967  3967 D LUA_ANIM: javaToScript for clazz: androidx.compose.ui.text.font.FontWeight
06-13 16:45:49.345  3967  3967 D LUA_ANIM: javaToScript for clazz: androidx.compose.ui.graphics.Color
06-13 16:45:49.345  3967  3967 D LUA_ANIM: javaToScript MATCHED CONVERTER for clazz: androidx.compose.ui.graphics.Color
06-13 16:45:49.345  3967  3967 D LUA_ANIM: javaToScript for clazz: androidx.compose.ui.graphics.Color
06-13 16:45:49.345  3967  3967 D LUA_ANIM: javaToScript MATCHED CONVERTER for clazz: androidx.compose.ui.graphics.Color
06-13 16:45:49.346  3967  3967 D LUA_ANIM: javaToScript for clazz: androidx.compose.ui.graphics.Color
06-13 16:45:49.346  3967  3967 D LUA_ANIM: javaToScript MATCHED CONVERTER for clazz: androidx.compose.ui.graphics.Color
06-13 16:45:49.346  3967  3967 D LUA_ANIM: javaToScript for clazz: androidx.compose.ui.graphics.Color
06-13 16:45:49.346  3967  3967 D LUA_ANIM: javaToScript MATCHED CONVERTER for clazz: androidx.compose.ui.graphics.Color
06-13 16:45:49.346  3967  3967 D LUA_ANIM: javaToScript for clazz: androidx.compose.ui.graphics.Color
06-13 16:45:49.346  3967  3967 D LUA_ANIM: javaToScript MATCHED CONVERTER for clazz: androidx.compose.ui.graphics.Color
06-13 16:45:49.346  3967  3967 D LUA_ANIM: javaToScript for clazz: androidx.compose.ui.graphics.Color
06-13 16:45:49.346  3967  3967 D LUA_ANIM: javaToScript MATCHED CONVERTER for clazz: androidx.compose.ui.graphics.Color
06-13 16:45:49.346  3967  3967 D LUA_ANIM: javaToScript for clazz: androidx.compose.ui.graphics.Color
06-13 16:45:49.346  3967  3967 D LUA_ANIM: javaToScript MATCHED CONVERTER for clazz: androidx.compose.ui.graphics.Color
06-13 16:45:49.346  3967  3967 D LUA_ANIM: javaToScript for clazz: androidx.compose.ui.graphics.Color
06-13 16:45:49.346  3967  3967 D LUA_ANIM: javaToScript MATCHED CONVERTER for clazz: androidx.compose.ui.graphics.Color
06-13 16:45:49.346  3967  3967 D LUA_ANIM: javaToScript for clazz: androidx.compose.ui.graphics.Color
06-13 16:45:49.346  3967  3967 D LUA_ANIM: javaToScript MATCHED CONVERTER for clazz: androidx.compose.ui.graphics.Color
06-13 16:45:49.346  3967  3967 D LUA_ANIM: javaToScript for clazz: androidx.compose.ui.graphics.Color
06-13 16:45:49.346  3967  3967 D LUA_ANIM: javaToScript MATCHED CONVERTER for clazz: androidx.compose.ui.graphics.Color
06-13 16:45:49.346  3967  3967 D LUA_ANIM: javaToScript for clazz: androidx.compose.ui.graphics.Color
06-13 16:45:49.346  3967  3967 D LUA_ANIM: javaToScript MATCHED CONVERTER for clazz: androidx.compose.ui.graphics.Color
06-13 16:45:49.346  3967  3967 D LUA_ANIM: javaToScript for clazz: androidx.compose.ui.graphics.Color
06-13 16:45:49.346  3967  3967 D LUA_ANIM: javaToScript MATCHED CONVERTER for clazz: androidx.compose.ui.graphics.Color
06-13 16:45:49.346  3967  3967 D LUA_ANIM: javaToScript for clazz: androidx.compose.ui.graphics.Color
06-13 16:45:49.346  3967  3967 D LUA_ANIM: javaToScript MATCHED CONVERTER for clazz: androidx.compose.ui.graphics.Color
06-13 16:45:49.347  3967  3967 D LUA_ANIM: javaToScript for clazz: androidx.compose.animation.core.RepeatMode
06-13 16:45:49.347  3967  3967 D LUA_ANIM: javaToScript for clazz: androidx.compose.animation.core.RepeatMode
06-13 16:45:49.367  3967  3967 D LUA_ANIM: javaToScript for clazz: com.kulipai.luacompose.compose.ui.LuaModifier
06-13 16:45:49.368  3967  3967 D LUA_ANIM: javaToScript for clazz: androidx.compose.ui.unit.Dp
06-13 16:45:49.368  3967  3967 D LUA_ANIM: javaToScript MATCHED CONVERTER for clazz: androidx.compose.ui.unit.Dp
06-13 16:45:49.368  3967  3967 E LUAMODIFIER_LOG: resolveModifier string: [androidx.compose.foundation.layout.FillElement@bee62f8f, androidx.compose.foundation.layout.PaddingElement@a00004cf]
06-13 16:45:49.368  3967  3967 D LUA_ANIM: javaToScript for clazz: com.kulipai.luacompose.compose.ui.LuaModifier
06-13 16:45:49.369  3967  3967 D LUA_ANIM: javaToScript for clazz: androidx.compose.ui.unit.Dp
06-13 16:45:49.369  3967  3967 D LUA_ANIM: javaToScript MATCHED CONVERTER for clazz: androidx.compose.ui.unit.Dp
06-13 16:45:49.369  3967  3967 D LUA_ANIM: javaToScript for clazz: androidx.compose.ui.graphics.Color
06-13 16:45:49.369  3967  3967 D LUA_ANIM: javaToScript MATCHED CONVERTER for clazz: androidx.compose.ui.graphics.Color
06-13 16:45:49.369  3967  3967 E LUAMODIFIER_LOG: resolveModifier string: [OffsetPxModifier(offset=com.kulipai.luacompose.compose.ui.LuaModifier$$ExternalSyntheticLambda1@f0a0293, rtlAware=true), androidx.compose.foundation.layout.SizeElement@580004cf, androidx.compose.foundation.BackgroundElement@e813adf6, androidx.compose.ui.input.pointer.SuspendPointerInputElement@f5125cb4]
06-13 16:45:49.373   270   962 D CompatibilityChangeReporter: Compat change id reported: 214016041; UID 10128; state: ENABLED
06-13 16:45:49.388   115   188 W TransactionTracing: Could not find layer handle 0x7fd18643d5b0
06-13 16:45:49.685   270   962 D CoreBackPreview: Window{701983 u0 com.kulipai.luacompose/SplashScreen EXITING}: Setting back callback null
06-13 16:45:49.685   270  1012 W InputManager-JNI: Input channel object '701983 com.kulipai.luacompose/SplashScreen (client)' was disposed without first being removed with the input manager!
06-13 16:45:49.852   115   188 W TransactionTracing: Could not find layer handle 0x7fd18643daf0
06-13 16:45:49.852   115   188 W TransactionTracing: Could not find layer handle 0x7fd18643d5b0
06-13 16:45:49.852   115   188 W TransactionTracing: Could not find layer handle 0x7fd186431f10
06-13 16:45:49.852   115   188 W TransactionTracing: Could not find layer handle 0x7fd186431f10
06-13 16:45:49.852   115   188 W TransactionTracing: Could not find layer handle 0x7fd18643d5b0
06-13 16:45:53.895   270   313 V DisplayPowerController[0]: Brightness [0.54959077] reason changing to: 'manual', previous reason: 'manual [ dim ]'.
06-13 16:45:53.895   270   313 I DisplayPowerController[0]: BrightnessEvent: disp=0, physDisp=local:0, brt=0.54959077, initBrt=0.05, rcmdBrt=NaN, preBrt=NaN, lux=0.0, preLux=0.0, hbmMax=1.0, hbmMode=off, rbcStrength=50, powerFactor=1.0, thrmMax=1.0, wasShortTermModelActive=false, flags=, reason=manual, autoBrightness=false
06-13 16:45:54.615   270   313 I DisplayPowerController[0]: BrightnessEvent: disp=0, physDisp=local:0, brt=0.54959077, initBrt=0.54959077, rcmdBrt=NaN, preBrt=NaN, lux=0.0, preLux=0.0, hbmMax=1.0, hbmMode=off, rbcStrength=50, powerFactor=1.0, thrmMax=1.0, wasShortTermModelActive=false, flags=, reason=manual, autoBrightness=false
06-13 16:45:54.810  3967  4007 D ProfileInstaller: Installing profile for com.kulipai.luacompose
